BL51 BANKED LINKER/LOCATER V6.22                                                        12/12/2017  19:45:47  PAGE 1


BL51 BANKED LINKER/LOCATER V6.22, INVOKED BY:
C:\KEIL\C51\BIN\BL51.EXE main.obj, .\Uart.obj, .\Utility.obj, .\Timer.obj TO test1usPulse RAMSIZE (256)


MEMORY MODEL: SMALL


INPUT MODULES INCLUDED:
  main.obj (MAIN)
  .\Uart.obj (UART)
  .\Utility.obj (UTILITY)
  .\Timer.obj (TIMER)
  C:\KEIL\C51\LIB\C51S.LIB (?C_STARTUP)
  C:\KEIL\C51\LIB\C51S.LIB (?C?CLDOPTR)
  C:\KEIL\C51\LIB\C51S.LIB (?C?CSTPTR)
  C:\KEIL\C51\LIB\C51S.LIB (?C?CSTOPTR)
  C:\KEIL\C51\LIB\C51S.LIB (?C?UIDIV)
  C:\KEIL\C51\LIB\C51S.LIB (?C?ICALL)
  C:\KEIL\C51\LIB\C51S.LIB (STRLEN)
  C:\KEIL\C51\LIB\C51S.LIB (?C_INIT)
  C:\KEIL\C51\LIB\C51S.LIB (?C?CLDPTR)


LINK MAP OF MODULE:  test1usPulse (MAIN)


            TYPE    BASE      LENGTH    RELOCATION   SEGMENT NAME
            -----------------------------------------------------

            * * * * * * *   D A T A   M E M O R Y   * * * * * * *
            REG     0000H     0008H     ABSOLUTE     "REG BANK 0"
            REG     0008H     0008H     ABSOLUTE     "REG BANK 1"
            DATA    0010H     0005H     UNIT         ?DT?_UART_DEC?UART
            DATA    0015H     0004H     UNIT         ?DT?_UART_STRING?UART
            DATA    0019H     0004H     UNIT         ?DT?_UART_HEX?UART
            DATA    001DH     0004H     UNIT         ?DT?_DEC2STRING?UTILITY
            DATA    0021H     0003H     UNIT         ?DT?TIMER
            DATA    0024H     0002H     UNIT         ?DT?_DELAY?UTILITY
            IDATA   0026H     0001H     UNIT         ?STACK

            * * * * * * *   C O D E   M E M O R Y   * * * * * * *
            CODE    0000H     0003H     ABSOLUTE     
            CODE    0003H     0008H     UNIT         ?PR?_UART_PUT?UART
            CODE    000BH     0003H     ABSOLUTE     
            CODE    000EH     00D5H     UNIT         ?C?LIB_CODE
            CODE    00E3H     008CH     UNIT         ?C_C51STARTUP
            CODE    016FH     0086H     UNIT         ?PR?_DEC2STRING?UTILITY
            CODE    01F5H     0033H     UNIT         ?PR?_HEX2STRING?UTILITY
            CODE    0228H     002CH     UNIT         ?PR?_UART_STRING?UART
            CODE    0254H     0027H     UNIT         ?PR?TIMER0_ISR?TIMER
            CODE    027BH     0025H     UNIT         ?PR?INIT?MAIN
            CODE    02A0H     0022H     UNIT         ?PR?_UART_DEC?UART
            CODE    02C2H     0022H     UNIT         ?PR?_UART_HEX?UART
            CODE    02E4H     001FH     UNIT         ?PR?UART_INIT?UART
            CODE    0303H     0019H     UNIT         ?PR?_DELAY?UTILITY
            CODE    031CH     0017H     UNIT         ?PR?UTILITY
            CODE    0333H     0016H     UNIT         ?PR?TIMER_INIT?TIMER
            CODE    0349H     0015H     UNIT         ?PR?_STRLEN?STRLEN
BL51 BANKED LINKER/LOCATER V6.22                                                      12/12/2017  19:45:47  PAGE 2


            CODE    035EH     0014H     UNIT         ?PR?MAIN?MAIN
            CODE    0372H     000EH     UNIT         ?PR?_UART_GET?UART
            CODE    0380H     0007H     UNIT         ?PR?_TIMER_SETCALLBACK?TIMER
            CODE    0387H     0006H     UNIT         ?C_INITSEG
            CODE    038DH     0004H     UNIT         ?PR?TIMER_CALLBACK?MAIN
            CODE    0391H     0003H     UNIT         ?PR?TIMER_START?TIMER
            CODE    0394H     0003H     UNIT         ?PR?TIMER_STOP?TIMER



OVERLAY MAP OF MODULE:   test1usPulse (MAIN)


SEGMENT
  +--> CALLED SEGMENT
---------------------
?C_C51STARTUP
  +--> ?PR?MAIN?MAIN
  +--> ?C_INITSEG

?PR?MAIN?MAIN
  +--> ?PR?INIT?MAIN
  +--> ?PR?TIMER_INIT?TIMER
  +--> ?PR?TIMER_CALLBACK?MAIN
  +--> ?PR?_TIMER_SETCALLBACK?TIMER
  +--> ?PR?TIMER_START?TIMER



SYMBOL TABLE OF MODULE:  test1usPulse (MAIN)

  VALUE           TYPE          NAME
  ----------------------------------

  -------         MODULE        MAIN
  C:0000H         SYMBOL        _ICE_DUMMY_
  D:0092H         PUBLIC        P1M0
  D:0093H         PUBLIC        P0M1
  D:0096H         PUBLIC        P2M0
  D:0091H         PUBLIC        P1M1
  D:0080H         PUBLIC        P0
  D:00B2H         PUBLIC        P3M0
  D:0095H         PUBLIC        P2M1
  D:0090H         PUBLIC        P1
  D:00B4H         PUBLIC        P4M0
  D:00B1H         PUBLIC        P3M1
  D:00A0H         PUBLIC        P2
  D:00B3H         PUBLIC        P4M1
  D:00B0H         PUBLIC        P3
  D:00C0H         PUBLIC        P4
  D:00C8H         PUBLIC        P5
  D:00A8H         PUBLIC        IE
  C:027BH         SYMBOL        Init
  D:00B8H         PUBLIC        IP
  D:00D8H         PUBLIC        CCON
  C:035EH         PUBLIC        main
  D:0098H         PUBLIC        SCON
BL51 BANKED LINKER/LOCATER V6.22                                                      12/12/2017  19:45:47  PAGE 3


  D:0088H         PUBLIC        TCON
  C:038DH         SYMBOL        Timer_Callback
  D:00D0H         PUBLIC        PSW
  D:0094H         PUBLIC        P0M0
  -------         PROC          TIMER_CALLBACK
  C:038DH         LINE#         4
  C:038DH         LINE#         5
  C:0390H         LINE#         6
  -------         ENDPROC       TIMER_CALLBACK
  -------         PROC          INIT
  C:027BH         LINE#         8
  C:027BH         LINE#         9
  C:027EH         LINE#         10
  C:0280H         LINE#         11
  C:0282H         LINE#         12
  C:0284H         LINE#         13
  C:0286H         LINE#         14
  C:0288H         LINE#         15
  C:028AH         LINE#         16
  C:028CH         LINE#         17
  C:028EH         LINE#         18
  C:0290H         LINE#         19
  C:0293H         LINE#         20
  C:0296H         LINE#         21
  C:0299H         LINE#         22
  C:029CH         LINE#         23
  C:029FH         LINE#         24
  -------         ENDPROC       INIT
  -------         PROC          MAIN
  C:035EH         LINE#         26
  C:035EH         LINE#         27
  C:0361H         LINE#         28
  C:0364H         LINE#         29
  C:036DH         LINE#         30
  C:0370H         LINE#         32
  C:0370H         LINE#         34
  -------         ENDPROC       MAIN
  -------         ENDMOD        MAIN

  -------         MODULE        UART
  C:0000H         SYMBOL        _ICE_DUMMY_
  C:02A0H         PUBLIC        _Uart_Dec
  D:00A8H         PUBLIC        IE
  C:02E4H         PUBLIC        Uart_Init
  D:00B8H         PUBLIC        IP
  B:0098H.0       PUBLIC        RI
  B:0098H.1       PUBLIC        TI
  C:0372H         PUBLIC        _Uart_Get
  D:00D8H         PUBLIC        CCON
  C:02C2H         PUBLIC        _Uart_Hex
  D:0099H         PUBLIC        SBUF
  D:0087H         PUBLIC        PCON
  D:0098H         PUBLIC        SCON
  D:0089H         PUBLIC        TMOD
  D:0088H         PUBLIC        TCON
  C:0003H         PUBLIC        _Uart_Put
  D:008EH         PUBLIC        AUXR
BL51 BANKED LINKER/LOCATER V6.22                                                      12/12/2017  19:45:47  PAGE 4


  B:00A8H.3       PUBLIC        ET1
  D:008DH         PUBLIC        TH1
  D:008BH         PUBLIC        TL1
  B:0088H.6       PUBLIC        TR1
  C:0228H         PUBLIC        _Uart_String
  D:00D0H         PUBLIC        PSW
  -------         PROC          UART_INIT
  C:02E4H         LINE#         5
  C:02E4H         LINE#         6
  C:02E7H         LINE#         7
  C:02EAH         LINE#         8
  C:02EDH         LINE#         9
  C:02F0H         LINE#         10
  C:02F3H         LINE#         11
  C:02F6H         LINE#         12
  C:02F9H         LINE#         13
  C:02FCH         LINE#         14
  C:02FEH         LINE#         15
  C:0300H         LINE#         16
  C:0302H         LINE#         17
  -------         ENDPROC       UART_INIT
  -------         PROC          _UART_PUT
  D:0007H         SYMBOL        value
  C:0003H         LINE#         19
  C:0003H         LINE#         20
  C:0005H         LINE#         21
  C:0008H         LINE#         22
  C:000AH         LINE#         23
  -------         ENDPROC       _UART_PUT
  -------         PROC          _UART_GET
  D:0001H         SYMBOL        value
  C:0372H         LINE#         25
  C:0372H         LINE#         26
  C:0375H         LINE#         27
  C:037AH         LINE#         28
  C:037CH         LINE#         29
  C:037EH         LINE#         30
  C:037EH         LINE#         31
  C:037FH         LINE#         32
  -------         ENDPROC       _UART_GET
  -------         PROC          _UART_STRING
  D:0015H         SYMBOL        str
  -------         DO            
  D:0018H         SYMBOL        i
  D:0006H         SYMBOL        len
  -------         ENDDO         
  C:0228H         LINE#         42
  C:022EH         LINE#         43
  C:0236H         LINE#         44
  C:0253H         LINE#         45
  -------         ENDPROC       _UART_STRING
  -------         PROC          _UART_DEC
  D:0007H         SYMBOL        val
  -------         DO            
  D:0010H         SYMBOL        i
  D:0011H         SYMBOL        strBuf
  D:0006H         SYMBOL        len
BL51 BANKED LINKER/LOCATER V6.22                                                      12/12/2017  19:45:47  PAGE 5


  -------         ENDDO         
  C:02A0H         LINE#         47
  C:02A0H         LINE#         48
  C:02A3H         LINE#         50
  C:02ADH         LINE#         51
  C:02B3H         LINE#         52
  C:02BDH         LINE#         53
  C:02C1H         LINE#         54
  -------         ENDPROC       _UART_DEC
  -------         PROC          _UART_HEX
  D:0007H         SYMBOL        val
  -------         DO            
  D:0019H         SYMBOL        i
  D:001AH         SYMBOL        strBuf
  D:0006H         SYMBOL        len
  -------         ENDDO         
  C:02C2H         LINE#         56
  C:02C2H         LINE#         57
  C:02C5H         LINE#         59
  C:02CFH         LINE#         60
  C:02D5H         LINE#         61
  C:02DFH         LINE#         62
  C:02E3H         LINE#         63
  -------         ENDPROC       _UART_HEX
  -------         ENDMOD        UART

  -------         MODULE        UTILITY
  C:0000H         SYMBOL        _ICE_DUMMY_
  D:00A8H         PUBLIC        IE
  D:00B8H         PUBLIC        IP
  D:00D8H         PUBLIC        CCON
  D:0098H         PUBLIC        SCON
  D:0088H         PUBLIC        TCON
  C:016FH         PUBLIC        _Dec2String
  C:01F5H         PUBLIC        _Hex2String
  C:0303H         PUBLIC        _Delay
  D:00D0H         PUBLIC        PSW
  C:031CH         SYMBOL        Com0014
  C:031CH         SYMBOL        L?0021
  C:031DH         SYMBOL        L?0022
  C:031FH         SYMBOL        L?0023
  C:0326H         SYMBOL        L?0024
  -------         PROC          COM0014
  -------         ENDPROC       COM0014
  -------         PROC          _DELAY
  D:0006H         SYMBOL        ms
  -------         DO            
  D:0024H         SYMBOL        i
  D:0025H         SYMBOL        j
  -------         ENDDO         
  C:0303H         LINE#         4
  C:0303H         LINE#         5
  C:030DH         LINE#         6
  C:0313H         LINE#         7
  C:0313H         LINE#         8
  C:0316H         LINE#         9
  C:0319H         LINE#         10
BL51 BANKED LINKER/LOCATER V6.22                                                      12/12/2017  19:45:47  PAGE 6


  C:031BH         LINE#         11
  -------         ENDPROC       _DELAY
  -------         PROC          _DEC2STRING
  D:001DH         SYMBOL        dec
  D:001EH         SYMBOL        strBuf
  -------         DO            
  D:0003H         SYMBOL        _2
  D:0007H         SYMBOL        _1
  D:0006H         SYMBOL        _0
  -------         ENDDO         
  C:016FH         LINE#         13
  C:0177H         LINE#         14
  C:017EH         LINE#         15
  C:0193H         LINE#         16
  C:01A8H         LINE#         17
  C:01ABH         LINE#         18
  C:01B2H         LINE#         19
  C:01BCH         LINE#         20
  C:01C5H         LINE#         21
  C:01CCH         LINE#         22
  C:01CFH         LINE#         23
  C:01D2H         LINE#         24
  C:01D8H         LINE#         25
  C:01DEH         LINE#         26
  C:01DEH         LINE#         27
  C:01E2H         LINE#         28
  C:01E2H         LINE#         29
  C:01E8H         LINE#         30
  C:01F2H         LINE#         31
  C:01F4H         LINE#         32
  C:01F4H         LINE#         33
  -------         ENDPROC       _DEC2STRING
  -------         PROC          _HEX2STRING
  D:0007H         SYMBOL        hex
  D:0001H         SYMBOL        strBuf
  -------         DO            
  D:0006H         SYMBOL        hi
  D:0007H         SYMBOL        lo
  -------         ENDDO         
  C:01F5H         LINE#         35
  C:01F5H         LINE#         36
  C:01FAH         LINE#         37
  C:01FEH         LINE#         38
  C:0211H         LINE#         39
  C:0224H         LINE#         40
  C:0224H         LINE#         41
  C:0227H         LINE#         42
  -------         ENDPROC       _HEX2STRING
  -------         ENDMOD        UTILITY

  -------         MODULE        TIMER
  C:0000H         SYMBOL        _ICE_DUMMY_
  D:0080H         PUBLIC        P0
  D:0090H         PUBLIC        P1
  D:00A0H         PUBLIC        P2
  D:00B0H         PUBLIC        P3
  D:00C0H         PUBLIC        P4
BL51 BANKED LINKER/LOCATER V6.22                                                      12/12/2017  19:45:47  PAGE 7


  D:00C8H         PUBLIC        P5
  B:00A8H.7       PUBLIC        EA
  C:0394H         PUBLIC        Timer_Stop
  D:00A8H         PUBLIC        IE
  D:00B8H         PUBLIC        IP
  D:00D8H         PUBLIC        CCON
  C:0380H         PUBLIC        _Timer_SetCallback
  D:0098H         PUBLIC        SCON
  D:0089H         PUBLIC        TMOD
  D:0088H         PUBLIC        TCON
  D:0021H         SYMBOL        timerCallback
  D:008EH         PUBLIC        AUXR
  C:0254H         SYMBOL        Timer0_Isr
  B:00A8H.1       PUBLIC        ET0
  B:0088H.5       PUBLIC        TF0
  D:008CH         PUBLIC        TH0
  D:008AH         PUBLIC        TL0
  B:0088H.4       PUBLIC        TR0
  C:0391H         PUBLIC        Timer_Start
  C:0333H         PUBLIC        Timer_Init
  D:00D0H         PUBLIC        PSW
  -------         PROC          TIMER0_ISR
  C:0254H         LINE#         7
  C:0261H         LINE#         8
  C:0269H         LINE#         9
  C:0270H         LINE#         10
  C:0270H         LINE#         11
  -------         ENDPROC       TIMER0_ISR
  -------         PROC          TIMER_INIT
  C:0333H         LINE#         13
  C:0333H         LINE#         14
  C:0336H         LINE#         15
  C:0339H         LINE#         16
  C:033CH         LINE#         17
  C:033FH         LINE#         18
  C:0342H         LINE#         19
  C:0344H         LINE#         20
  C:0346H         LINE#         21
  C:0348H         LINE#         22
  -------         ENDPROC       TIMER_INIT
  -------         PROC          _TIMER_SETCALLBACK
  D:0001H         SYMBOL        callback
  C:0380H         LINE#         24
  C:0380H         LINE#         25
  C:0386H         LINE#         26
  -------         ENDPROC       _TIMER_SETCALLBACK
  -------         PROC          TIMER_START
  C:0391H         LINE#         28
  C:0391H         LINE#         29
  C:0393H         LINE#         30
  -------         ENDPROC       TIMER_START
  -------         PROC          TIMER_STOP
  C:0394H         LINE#         32
  C:0394H         LINE#         33
  C:0396H         LINE#         34
  -------         ENDPROC       TIMER_STOP
  -------         ENDMOD        TIMER
BL51 BANKED LINKER/LOCATER V6.22                                                      12/12/2017  19:45:47  PAGE 8



  -------         MODULE        ?C?CLDOPTR
  C:000EH         PUBLIC        ?C?CLDOPTR
  -------         ENDMOD        ?C?CLDOPTR

  -------         MODULE        ?C?CSTPTR
  C:003BH         PUBLIC        ?C?CSTPTR
  -------         ENDMOD        ?C?CSTPTR

  -------         MODULE        ?C?CSTOPTR
  C:004DH         PUBLIC        ?C?CSTOPTR
  -------         ENDMOD        ?C?CSTOPTR

  -------         MODULE        ?C?UIDIV
  C:006FH         PUBLIC        ?C?UIDIV
  -------         ENDMOD        ?C?UIDIV

  -------         MODULE        ?C?ICALL
  C:00C4H         PUBLIC        ?C?ICALL
  C:00C8H         PUBLIC        ?C?ICALL2
  -------         ENDMOD        ?C?ICALL

  -------         MODULE        STRLEN
  C:0349H         PUBLIC        _STRLEN
  -------         ENDMOD        STRLEN

  -------         MODULE        ?C?CLDPTR
  C:00CAH         PUBLIC        ?C?CLDPTR
  -------         ENDMOD        ?C?CLDPTR

*** WARNING L16: UNCALLED SEGMENT, IGNORED FOR OVERLAY PROCESS
    SEGMENT: ?PR?UART_INIT?UART

*** WARNING L16: UNCALLED SEGMENT, IGNORED FOR OVERLAY PROCESS
    SEGMENT: ?PR?_UART_GET?UART

*** WARNING L16: UNCALLED SEGMENT, IGNORED FOR OVERLAY PROCESS
    SEGMENT: ?PR?_UART_STRING?UART

*** WARNING L16: UNCALLED SEGMENT, IGNORED FOR OVERLAY PROCESS
    SEGMENT: ?PR?_UART_DEC?UART

*** WARNING L16: UNCALLED SEGMENT, IGNORED FOR OVERLAY PROCESS
    SEGMENT: ?PR?_UART_HEX?UART

*** WARNING L16: UNCALLED SEGMENT, IGNORED FOR OVERLAY PROCESS
    SEGMENT: ?PR?_DELAY?UTILITY

*** WARNING L16: UNCALLED SEGMENT, IGNORED FOR OVERLAY PROCESS
    SEGMENT: ?PR?TIMER_STOP?TIMER

Program Size: data=39.0 xdata=0 code=919
LINK/LOCATE RUN COMPLETE.  7 WARNING(S),  0 ERROR(S)
